🔍 识别已清仓标的...

📊 A股清仓标的 8 只：
  士兰微(600460) 清仓日=2026-07-22 实现=+5637.23(+13.71%)
  浪潮信息(000977) 清仓日=2026-07-21 实现=+33007.97(+36.61%)
  联瑞新材(688300) 清仓日=2026-07-13 实现=-1397.48(-7.13%)
  山东黄金(600547) 清仓日=2026-07-09 实现=-1517.02(-7.29%)
  通富微电(002156) 清仓日=2026-07-08 实现=-1900.04(-5.57%)
  皓元医药(688131) 清仓日=2026-07-08 实现=-1396.80(-7.64%)
  长电科技(600584) 清仓日=2026-07-02 实现=+10138.90(+24.33%)
  三环集团(300408) 清仓日=2026-06-24 实现=-3805.75(-8.06%)

📊 基金清仓标的 0 只：

🌐 NeoData 查询清仓标的现价...
  ✅ 士兰微(600460) 现价 30.62
  ✅ 浪潮信息(000977) 现价 77.2
  ✅ 联瑞新材(688300) 现价 125.05
    ↩️ westock 失败，东方财富兜底成功: 28.95
  ✅ 山东黄金(600547) 现价 28.95
    ↩️ westock 失败，东方财富兜底成功: 58.0
  ✅ 通富微电(002156) 现价 58.0
  ✅ 皓元医药(688131) 现价 80.52
  ✅ 长电科技(600584) 现价 68.97
  ✅ 三环集团(300408) 现价 128.19

✅ 全部 8 只清仓标的现价查询成功

🏗️  构造 HTML 模块...

📝 注入 index.html...

✅ 已清仓标的模块注入完成
   A股 8 只 | 基金 0 只
